INFO: 2023-09-06 21:41:16.174847: solveAoc15D1P1 - 280
INFO: 2023-09-06 21:41:16.177899: solveAoc15D1P2 - 1797
